// Jest Snapshot v1, https://goo.gl/fbAQLP

exports[`Dashboard component renders the UI as expected 1`] = `
<div>
  <header>
    <h2>
      Welcome to your Dashboard
    </h2>
  </header>
  <div
    className="group"
  >
    <div
      className="item-dash"
    >
      <h3>
        Messages
      </h3>
      <table>
        <thead>
          <tr>
            <th>
              From
            </th>
            <th>
              Subject
            </th>
          </tr>
        </thead>
        <tbody>
          <tr>
            <td>
              Yusuf Alp
            </td>
            <td>
              Requesting purchase approval
            </td>
          </tr>
          <tr>
            <td>
              Thinkful
            </td>
            <td>
              Congratulations!
            </td>
          </tr>
        </tbody>
      </table>
    </div>
    <div
      className="item-dash"
    >
      <h3>
        Expenditure
      </h3>
      <table>
        <thead>
          <tr>
            <th>
              Description
            </th>
            <th>
              Budget
            </th>
            <th>
              Actual
            </th>
          </tr>
        </thead>
        <tbody>
          <tr>
            <td>
              Teacher Salary
            </td>
            <td>
              $84,000
            </td>
            <td>
              $87,432
            </td>
          </tr>
          <tr>
            <td>
              Books
            </td>
            <td>
              $23,135
            </td>
            <td>
              $23,246
            </td>
          </tr>
          <tr>
            <td>
              Food
            </td>
            <td>
              $3453
            </td>
            <td>
              $3453
            </td>
          </tr>
          <tr>
            <td>
              Sanitation
            </td>
            <td>
              $2500
            </td>
            <td>
              $4500
            </td>
          </tr>
        </tbody>
        <thead>
          <tr>
            <th>
              TOTAL
            </th>
            <th>
              $113,088
            </th>
            <th>
              $118,631
            </th>
          </tr>
        </thead>
      </table>
    </div>
  </div>
  <div
    className="group"
  >
    <div
      className="item-dash"
    >
      <h3>
        Courses
      </h3>
      <table>
        <thead>
          <tr>
            <th>
              First Name
            </th>
            <th>
              Last Name
            </th>
            <th
              colSpan="3"
            >
              Courses
            </th>
          </tr>
        </thead>
        <tbody />
      </table>
      <button
        type="submit"
      >
        <a
          href="/add-teacher"
          onClick={[Function]}
        >
          Add Teacher
        </a>
      </button>
      <button
        type="submit"
      >
        <a
          href="/add-course"
          onClick={[Function]}
        >
          Add Course
        </a>
      </button>
    </div>
  </div>
</div>
`;
