// Jest Snapshot v1, https://goo.gl/fbAQLP

exports[`Demo component renders the UI as expected 1`] = `
<div>
  <header>
    <h2>
      Demo GleamSIS
    </h2>
    <p>
      See it for yourself, how the best student information system currently available will help you with your daily tasks and save you valuable time.
    </p>
  </header>
  <section
    className="demo-login"
  >
    <p>
      For demo users, enter 'admin' and 'password'
    </p>
  </section>
  <main>
    <form
      onSubmit={[Function]}
    >
      <label
        htmlFor="username"
      />
      <input
        id="username"
        name="username"
        onChange={[Function]}
        placeholder="Username"
        required={true}
        type="text"
      />
      <label
        htmlFor="password"
      />
      <input
        id="password"
        name="password"
        onChange={[Function]}
        placeholder="Password"
        required={true}
        type="password"
      />
      <button
        type="submit"
      >
        Log in
      </button>
      <p
        className=""
      >
        
      </p>
      <p
        className="required"
      >
        * = required fields
      </p>
    </form>
  </main>
</div>
`;
