// Jest Snapshot v1, https://goo.gl/fbAQLP

exports[`Contact component renders the UI as expected 1`] = `
<div>
  <header>
    <h2>
      Contact us with your inquiries
    </h2>
  </header>
  <main>
    <form
      action="https://formspree.io/f/xaypjzbq"
      method="POST"
    >
      <label>
        <input
          placeholder="Name"
          required={true}
          type="text"
        />
      </label>
      <label>
        <input
          name="_replyto"
          placeholder="Email"
          required={true}
          type="email"
        />
      </label>
      <label>
        <textarea
          cols="20"
          name="message"
          placeholder="Message"
          required={true}
          rows="8"
        />
      </label>
      <button
        type="submit"
      >
        Send
      </button>
      <p
        className="required"
      >
        All fields are required
      </p>
    </form>
  </main>
</div>
`;
