// Jest Snapshot v1, https://goo.gl/fbAQLP

exports[`AddCourse component renders the UI as expected 1`] = `
<div>
  <header>
    <h2>
      Add a Course
    </h2>
  </header>
  <p
    className="add-info"
  >
    Use the form below to add a course. You must add a course if there is a teacher to teach it. If the teacher does not exist, 
    <a
      className="form-link"
      href="/add-teacher"
      onClick={[Function]}
    >
      add the teacher
    </a>
     first.
  </p>
  <form
    onSubmit={[Function]}
  >
    <label
      htmlFor="name"
    />
    <input
      id="name"
      name="name"
      onChange={[Function]}
      placeholder="Course Name"
      required={true}
      type="text"
    />
    <label
      htmlFor="category"
    />
    <input
      id="category"
      name="category"
      onChange={[Function]}
      placeholder="Category"
      required={true}
      type="text"
    />
    <label
      htmlFor="teacher"
    />
    <select
      id="teacher"
      name="teacher"
      onChange={[Function]}
      required={true}
    >
      <option
        value=""
      >
        Select a Teacher
      </option>
    </select>
    <button
      type="submit"
    >
      Add Course
    </button>
    <p>
      
    </p>
    <p
      className="required"
    >
      * = required fields
    </p>
  </form>
</div>
`;
