// Jest Snapshot v1, https://goo.gl/fbAQLP

exports[`Courses component renders the UI as expected 1`] = `
<div
  className="dash"
>
  <h3>
    Hello 
    , this is 
     class
  </h3>
  <table>
    <thead>
      <tr>
        <th>
          First Name
        </th>
        <th>
          Last Name
        </th>
        <th>
          Grade
        </th>
      </tr>
    </thead>
  </table>
  <p
    className=""
  >
    No students are registered for this class
  </p>
  <a
    className="btn-add"
    href="/add-student"
    onClick={[Function]}
  >
    Add Student
  </a>
</div>
`;
