// Jest Snapshot v1, https://goo.gl/fbAQLP

exports[`Dashboard component renders the UI as expected 1`] = `
<div>
  <header>
    <h2>
      Welcome to your Dashboard
    </h2>
  </header>
  <div
    className="group"
  >
    <div
      className="item-dash card-display inbox-table"
    >
      <div
        className="comp-main"
      >
        <h3>
          Messages
        </h3>
        <div
          className="inbox"
        >
          <p
            className="inb from"
          >
            From
          </p>
          <p
            className="inb subject"
          >
            Subject
          </p>
          <p
            className="inb date"
          >
            Date
          </p>
        </div>
        <div
          className="inbox"
        >
          <p
            className="from"
          >
            Yusuf
          </p>
          <p
            className="subject"
          >
            Requesting purchase approval
          </p>
          <p
            className="date"
          >
            3/16/2021
          </p>
        </div>
        <div
          className="inbox"
        >
          <p
            className="from"
          >
            Thinkful
          </p>
          <p
            className="subject"
          >
            Congratulations
          </p>
          <p
            className="date"
          >
            3/16/2021
          </p>
        </div>
        <div
          className="inbox"
        >
          <p
            className="from"
          >
            Mr. OldSchool
          </p>
          <p
            className="subject"
          >
            Implementing the new idea
          </p>
          <p
            className="date"
          >
            3/16/2021
          </p>
        </div>
      </div>
    </div>
    <div
      className="item-dash card-display exp-table"
    >
      <div
        className="comp-main"
      >
        <h3>
          Expenditure
        </h3>
        <div
          className="expenditure"
        >
          <p
            className="title"
          >
            Description
          </p>
          <p
            className="title"
          >
            Budget
          </p>
          <p
            className="title"
          >
            Actual
          </p>
        </div>
        <div
          className="expenditure"
        >
          <p
            className="description"
          >
            Teacher Salary
          </p>
          <p
            className="description"
          >
            $86,000.00
          </p>
          <p
            className="description"
          >
            $87,432.00
          </p>
        </div>
        <div
          className="expenditure"
        >
          <p
            className="description"
          >
            Books
          </p>
          <p
            className="description"
          >
            $23,135.00
          </p>
          <p
            className="description"
          >
            $23,246.00
          </p>
        </div>
        <div
          className="expenditure"
        >
          <p
            className="description"
          >
            Sanitation
          </p>
          <p
            className="description"
          >
            $2,500.00
          </p>
          <p
            className="description"
          >
            $4,500.00
          </p>
        </div>
        <div
          className="expenditure"
        >
          <p
            className="description"
          >
            Lunch
          </p>
          <p
            className="description"
          >
            $3,453.00
          </p>
          <p
            className="description"
          >
            $3,453.00
          </p>
        </div>
        <div
          className="expenditure"
        >
          <p
            className="title actual"
          >
            TOTAL
          </p>
          <p
            className="title actual"
          >
            $115,088.00
          </p>
          <p
            className="title actual"
          >
            $118,631.00
          </p>
        </div>
      </div>
    </div>
  </div>
  <div
    className="group"
  >
    <div
      className="item-dash card-display"
    >
      <h3>
        Courses
      </h3>
      <table>
        <thead>
          <tr>
            <th>
              First Name
            </th>
            <th>
              Last Name
            </th>
            <th
              colSpan="3"
            >
              Courses
            </th>
          </tr>
        </thead>
        <tbody />
      </table>
      <a
        className="btn-add"
        href="/add-teacher"
        onClick={[Function]}
      >
        Add Teacher
      </a>
      <a
        className="btn-add"
        href="/add-course"
        onClick={[Function]}
      >
        Add Course
      </a>
    </div>
  </div>
</div>
`;
