// Jest Snapshot v1, https://goo.gl/fbAQLP

exports[`Teachers component renders the UI as expected 1`] = `
<tr>
  <td>
    <a
      href="/teachers/undefined"
      onClick={[Function]}
    />
  </td>
  <td>
    <a
      href="/teachers/undefined"
      onClick={[Function]}
    />
  </td>
  <td>
    <a
      href="/courses/undefined"
      onClick={[Function]}
    />
  </td>
</tr>
`;
