// Jest Snapshot v1, https://goo.gl/fbAQLP

exports[`App component renders the UI as expected 1`] = `
<div
  className="App"
>
  <nav>
    <a
      href="/"
      onClick={[Function]}
    >
      <p
        className="logo"
      >
        G
        <span
          className="logo-part"
        >
          leamSIS
        </span>
      </p>
    </a>
    <button
      className="menu-toggler"
      onClick={[Function]}
    >
      <i
        className="fas fa-chevron-circle-down"
      />
    </button>
    <div
      className="navbar-links open-menu"
    >
      <a
        href="/"
        onClick={[Function]}
      >
        Home
      </a>
      <a
        aria-current={null}
        href="/demo"
        onClick={[Function]}
      >
        Demo
      </a>
      <a
        aria-current={null}
        href="/pricing"
        onClick={[Function]}
      >
        Pricing
      </a>
      <a
        aria-current={null}
        href="/about"
        onClick={[Function]}
      >
        About
      </a>
      <a
        aria-current={null}
        href="/contact"
        onClick={[Function]}
      >
        Contact
      </a>
    </div>
  </nav>
  <div>
    <h1>
      Page not found
    </h1>
  </div>
  <div
    className="footer"
  >
    <div
      className="group3"
    >
      <div
        className="item-footer"
      >
        <h3>
          GleamSIS
        </h3>
        <p>
          123 Sesame St,
        </p>
        <p>
          San Francisco, CA 94105
        </p>
        <p>
          415-123-4567
        </p>
      </div>
      <div
        className="item-footer"
      >
        <h4>
          Company
        </h4>
        <p>
          About
        </p>
        <p>
          Careers
        </p>
        <p>
          Media
        </p>
      </div>
      <div
        className="item-footer"
      >
        <h4>
          Solutions
        </h4>
        <p>
          Information Systems
        </p>
        <p>
          Management Systems
        </p>
      </div>
    </div>
    <p
      className="copy"
    >
      Copyrights © Yusuf Alp 2020
    </p>
  </div>
</div>
`;
