// Jest Snapshot v1, https://goo.gl/fbAQLP

exports[`Teacher component renders the UI as expected 1`] = `
<div
  className="dash"
>
  <h2>
    Hello admin,
  </h2>
  <p>
    This is 
     
    's information
  </p>
  <p>
    First Name: 
  </p>
  <p>
    Last Name: 
  </p>
  <p>
    Courses:
  </p>
  <button
    className=""
    onClick={[Function]}
    type="submit"
  >
    Delete Teacher
  </button>
  <div
    className="hidden"
  >
    <p>
      
    </p>
    <button
      onClick={[Function]}
    >
      Yes
    </button>
    <button
      onClick={[Function]}
    >
      No
    </button>
  </div>
</div>
`;
