// Jest Snapshot v1, https://goo.gl/fbAQLP

exports[`MessageTable component renders the UI as expected 1`] = `
<table>
  <thead>
    <tr>
      <th>
        From
      </th>
      <th>
        Subject
      </th>
    </tr>
  </thead>
  <tbody>
    <tr>
      <td>
        Yusuf Alp
      </td>
      <td>
        Requesting purchase approval
      </td>
    </tr>
    <tr>
      <td>
        Thinkful
      </td>
      <td>
        Congratulations!
      </td>
    </tr>
  </tbody>
</table>
`;
