// Jest Snapshot v1, https://goo.gl/fbAQLP

exports[`AddTeacher component renders the UI as expected 1`] = `
<div>
  <header>
    <h2>
      Add a Teacher
    </h2>
  </header>
  <form
    onSubmit={[Function]}
  >
    <label
      htmlFor="firstName"
    />
    <input
      id="firstName"
      name="firstName"
      onChange={[Function]}
      placeholder="First Name"
      required={true}
      type="text"
    />
    <label
      htmlFor="lastName"
    />
    <input
      id="lastName"
      name="lastName"
      onChange={[Function]}
      placeholder="Last Name"
      required={true}
      type="text"
    />
    <button
      type="submit"
    >
      Add Teacher
    </button>
    <p>
      
    </p>
    <p
      className="required"
    >
      * = required fields
    </p>
  </form>
</div>
`;
